Copyright 1986-2022 Xilinx, Inc. All Rights Reserved. Copyright 2022-2026 Advanced Micro Devices, Inc. All Rights Reserved.
----------------------------------------------------------------------------------------------------------------------------------------------------------------------------------------------------------------------------
| Tool Version : Vivado v.2026.1 (win64) Build 6511674 Tue Jun 16 11:02:23 MDT 2026
| Date         : Sun Aug 16 17:06:07 2026
| Host         : DESKTOP-AJB416F running 64-bit major release  (build 9200)
| Command      : report_utilization -hierarchical -hierarchical_depth 5 -file F:/Xilinx_WorkSpace/ternarycore/analysis/kv_validation/hardware_estimates/vivado_synth_2026_1_timed/hd128_axi256_utilization_hierarchical.rpt
| Design       : axi_kv_cache
| Device       : xc7a100tcsg324-1
| Speed File   : -1
| Design State : Synthesized
----------------------------------------------------------------------------------------------------------------------------------------------------------------------------------------------------------------------------

Utilization Design Information

Table of Contents
-----------------
1. Utilization by Hierarchy

1. Utilization by Hierarchy
---------------------------

+------------------+-----------------+------------+------------+---------+------+------+--------+--------+------------+
|     Instance     |      Module     | Total LUTs | Logic LUTs | LUTRAMs | SRLs |  FFs | RAMB36 | RAMB18 | DSP Blocks |
+------------------+-----------------+------------+------------+---------+------+------+--------+--------+------------+
| axi_kv_cache     |           (top) |       8845 |       6029 |    2816 |    0 | 2069 |      0 |      0 |         17 |
|   (axi_kv_cache) |           (top) |       5416 |       2600 |    2816 |    0 | 1264 |      0 |      0 |          0 |
|   u_engine       | kv_cache_engine |       3429 |       3429 |       0 |    0 |  805 |      0 |      0 |         17 |
|     (u_engine)   | kv_cache_engine |       2004 |       2004 |       0 |    0 |  425 |      0 |      0 |          0 |
|     u_dequant    |      kv_dequant |       1020 |       1020 |       0 |    0 |    0 |      0 |      0 |          0 |
|     u_dot        |          qk_dot |        298 |        298 |       0 |    0 |   65 |      0 |      0 |         17 |
|     u_reader     |       kv_reader |         95 |         95 |       0 |    0 |  315 |      0 |      0 |          0 |
+------------------+-----------------+------------+------------+---------+------+------+--------+--------+------------+


